// Jest Snapshot v1, https://goo.gl/fbAQLP

exports[`Home should change ui when login flow completed 1`] = `
<div
  class="ui-provider a b c d e f g h i j k l m n o p q r s t u v w x y z ab ac ae af ag ah ai aj ak"
  data-uses-unhanded-props="true"
  dir="ltr"
>
  <div
    class="ui-flex am ao bq br bs"
    data-uses-unhanded-props="true"
  >
    <div />
    <div
      class="ui-flex am ao bq br fq"
      data-uses-unhanded-props="true"
    >
      <span
        class="ui-text bu"
        data-uses-unhanded-props="true"
      >
        You are connecting 
        <span
          class="ui-text fr"
          data-uses-unhanded-props="true"
        >
          #
          channel
        </span>
         to Zeplin.
      </span>
      <span
        class="ui-text"
        data-uses-unhanded-props="true"
      >
        Can
        '
        t find the project/styleguide to connect to?
         
        <a
          class="ui-text fs ft fu"
          data-uses-unhanded-props="true"
          dir="auto"
          href="https://zpl.io/msteams-app-docs"
          target="_blank"
        >
          Learn more about permissions.
        </a>
      </span>
      <div
        class="ui-flex am bq br fv"
        data-uses-unhanded-props="true"
      >
        <div
          class="ui-dropdown"
        >
          <div
            class="ui-dropdown__container am fw bb cp cq cr cs fx fy fz ga ck bq gb gc gd ge gf gg gh cz gi gj gk gl gm gn"
          >
            <div
              class="ui-dropdown__selected-items am fw go gp bq gq"
            >
              <button
                aria-haspopup="true"
                aria-labelledby="dropdown-trigger-button-1"
                class="ui-button bx by gr b gs cb cc gt al bb cd gu cf gv ch ci cj ck cl cm cn co cp cq cr cs fx fy fz ga gw gx gy gi gj gk gl de gz ha hb hc hd he dl hf hg dm hh hi hj hk hl hm hn ho hp hq hr hs ht hu hv hw hx hy hz ia ib ic id ie if ig ih ii ij ik dn do dp dq dr ds dt du dv dw dx dy il im in io ed ip ef eg eh ei ej ek el em en eo ep eq er es et iq ir is it ey iu fb fc fd iv iw fe ff fg fh fi fj fk fl bq ar ix iy iz ja ui-dropdown__trigger-button"
                data-aa-class="Button"
                data-toggle="true"
                data-uses-unhanded-props="true"
                id="dropdown-trigger-button-1"
                role="button"
                type="button"
              >
                <span
                  class="ui-button__content ar fm fn fo bu fp"
                  data-uses-unhanded-props="true"
                  dir="auto"
                >
                  Select Workspace
                </span>
              </button>
            </div>
            <div
              aria-hidden="true"
              class="ui-box al am an jb jc jd ci je ix iy iz ja jf jg br jh ui-dropdown__toggle-indicator"
              data-aa-class="Box"
              data-uses-unhanded-props="true"
              role="img"
            />
            <ul
              aria-hidden="true"
              aria-labelledby="downshift-0-label"
              class="ui-list ba ji cd jj cf jk ix iy iz ja ck cp cq cr cs gb gc gd ge fx fy fz ga jl jm go bq a jn ui-dropdown__items-list"
              data-aa-class="List"
              data-uses-unhanded-props="true"
              id="downshift-0-menu"
              role="listbox"
              tabindex="-1"
            />
          </div>
        </div>
        <div
          class="ui-dropdown"
        >
          <div
            class="ui-dropdown__container am fw bb cp cq cr cs jo jp jq jr ck bq gb gc gd ge gf js gh cz jt gn je ju"
          >
            <div
              class="ui-dropdown__selected-items am fw go gp bq gq"
            >
              <button
                aria-disabled="true"
                aria-haspopup="true"
                aria-labelledby="dropdown-trigger-button-2"
                class="ui-button bx by gr jv gs cb cc gt al bb cd gu cf gv ch jw cj ck cl cm cn co cp cq cr cs fx fy fz ga gw gx gy gi gj gk gl de gz ha hb hc hd he dl hf hg dm hh hi hj hk hl hm hn ho hp hq hr hs ht hu hv hw hx hy hz ia ib ic id ie if ig ih ii ij ik dn do dp dq dr ds dt du dv dw dx dy il im in io ed ip ef eg eh ei ej ek el em en eo ep eq er es et iq ir is it ey iu fb fc fd iv iw fe ff fg fh fi fj fk fl jx bq ar ix iy iz ja ui-dropdown__trigger-button"
                data-aa-class="Button"
                data-toggle="true"
                data-uses-unhanded-props="true"
                disabled=""
                id="dropdown-trigger-button-2"
                role="button"
                type="button"
              >
                <span
                  class="ui-button__content ar fm fn fo bu fp"
                  data-uses-unhanded-props="true"
                  dir="auto"
                >
                  Select Project/Styleguide
                </span>
              </button>
            </div>
            <div
              aria-hidden="true"
              class="ui-box al am an jy jc jd jw je ix iy iz ja jf jg br jh ui-dropdown__toggle-indicator"
              data-aa-class="Box"
              data-uses-unhanded-props="true"
              role="img"
            />
            <ul
              aria-hidden="true"
              aria-labelledby="downshift-1-label"
              class="ui-list ba ji cd jj cf jk ix iy iz ja ck cp cq cr cs gb gc gd ge fx fy fz ga jl jm go bq a jn ui-dropdown__items-list"
              data-aa-class="List"
              data-uses-unhanded-props="true"
              id="downshift-1-menu"
              role="listbox"
              tabindex="-1"
            />
          </div>
        </div>
      </div>
    </div>
    <div
      class="ui-flex am ao bq br bt"
      data-uses-unhanded-props="true"
    >
      <span
        class="ui-text bu"
        data-uses-unhanded-props="true"
        dir="auto"
      >
        Select the events you want to get a message for:
      </span>
      <div
        class="ui-flex am bq br fv"
        data-uses-unhanded-props="true"
      >
        <div
          class="ui-flex am ao bq br jz"
          data-uses-unhanded-props="true"
        >
          <div>
            <div
              aria-checked="true"
              class="ui-checkbox bb ka kb kc ci ck b kd ke kf kg ch kh dm ih ii ij ik dn do dp dq dr ds dt ki kj kk kl dy dz ea eb ec ed ee ef eg km ei ej ek el em en eo kn ko kp kq et eu ev ew ex ey ez fb fc kr cy ks kt ku kv kw"
              data-aa-class="Checkbox"
              data-is-focusable="true"
              data-uses-unhanded-props="true"
              role="checkbox"
              tabindex="0"
            >
              <div
                class="ui-box kx ky kz la lb lc ld le lf lg cp cq cr cs gh lh li lj lk ll lm iy iz ja ln lo lp lq je lr jc jd ui-checkbox__indicator"
                data-uses-unhanded-props="true"
              />
              <span
                class="ui-text ba ls lt ui-checkbox__label"
                data-uses-unhanded-props="true"
              >
                <div
                  class="ui-flex am ao bq br"
                  data-uses-unhanded-props="true"
                >
                  <span
                    class="ui-text"
                    data-uses-unhanded-props="true"
                    dir="auto"
                  >
                    Screens
                  </span>
                  <span
                    class="ui-text lu bw"
                    data-uses-unhanded-props="true"
                    dir="auto"
                  >
                    Screens added
                  </span>
                </div>
              </span>
            </div>
          </div>
          <div>
            <div
              aria-checked="true"
              class="ui-checkbox bb ka kb kc ci ck b kd ke kf kg ch kh dm ih ii ij ik dn do dp dq dr ds dt ki kj kk kl dy dz ea eb ec ed ee ef eg km ei ej ek el em en eo kn ko kp kq et eu ev ew ex ey ez fb fc kr cy ks kt ku kv kw"
              data-aa-class="Checkbox"
              data-is-focusable="true"
              data-uses-unhanded-props="true"
              role="checkbox"
              tabindex="0"
            >
              <div
                class="ui-box kx ky kz la lb lc ld le lf lg cp cq cr cs gh lh li lj lk ll lm iy iz ja ln lo lp lq je lr jc jd ui-checkbox__indicator"
                data-uses-unhanded-props="true"
              />
              <span
                class="ui-text ba ls lt ui-checkbox__label"
                data-uses-unhanded-props="true"
              >
                <div
                  class="ui-flex am ao bq br"
                  data-uses-unhanded-props="true"
                >
                  <span
                    class="ui-text"
                    data-uses-unhanded-props="true"
                    dir="auto"
                  >
                    Screen versions
                  </span>
                  <span
                    class="ui-text lu bw"
                    data-uses-unhanded-props="true"
                    dir="auto"
                  >
                    Versions added to screen
                  </span>
                </div>
              </span>
            </div>
          </div>
          <div>
            <div
              aria-checked="true"
              class="ui-checkbox bb ka kb kc ci ck b kd ke kf kg ch kh dm ih ii ij ik dn do dp dq dr ds dt ki kj kk kl dy dz ea eb ec ed ee ef eg km ei ej ek el em en eo kn ko kp kq et eu ev ew ex ey ez fb fc kr cy ks kt ku kv kw"
              data-aa-class="Checkbox"
              data-is-focusable="true"
              data-uses-unhanded-props="true"
              role="checkbox"
              tabindex="0"
            >
              <div
                class="ui-box kx ky kz la lb lc ld le lf lg cp cq cr cs gh lh li lj lk ll lm iy iz ja ln lo lp lq je lr jc jd ui-checkbox__indicator"
                data-uses-unhanded-props="true"
              />
              <span
                class="ui-text ba ls lt ui-checkbox__label"
                data-uses-unhanded-props="true"
              >
                <div
                  class="ui-flex am ao bq br"
                  data-uses-unhanded-props="true"
                >
                  <span
                    class="ui-text"
                    data-uses-unhanded-props="true"
                    dir="auto"
                  >
                    Components
                  </span>
                  <span
                    class="ui-text lu bw"
                    data-uses-unhanded-props="true"
                    dir="auto"
                  >
                    Components added, removed or updated on Styleguide
                  </span>
                </div>
              </span>
            </div>
          </div>
          <div>
            <div
              aria-checked="true"
              class="ui-checkbox bb ka kb kc ci ck b kd ke kf kg ch kh dm ih ii ij ik dn do dp dq dr ds dt ki kj kk kl dy dz ea eb ec ed ee ef eg km ei ej ek el em en eo kn ko kp kq et eu ev ew ex ey ez fb fc kr cy ks kt ku kv kw"
              data-aa-class="Checkbox"
              data-is-focusable="true"
              data-uses-unhanded-props="true"
              role="checkbox"
              tabindex="0"
            >
              <div
                class="ui-box kx ky kz la lb lc ld le lf lg cp cq cr cs gh lh li lj lk ll lm iy iz ja ln lo lp lq je lr jc jd ui-checkbox__indicator"
                data-uses-unhanded-props="true"
              />
              <span
                class="ui-text ba ls lt ui-checkbox__label"
                data-uses-unhanded-props="true"
              >
                <div
                  class="ui-flex am ao bq br"
                  data-uses-unhanded-props="true"
                >
                  <span
                    class="ui-text"
                    data-uses-unhanded-props="true"
                    dir="auto"
                  >
                    Colors
                  </span>
                  <span
                    class="ui-text lu bw"
                    data-uses-unhanded-props="true"
                    dir="auto"
                  >
                    Colors added, removed or updated on Styleguide
                  </span>
                </div>
              </span>
            </div>
          </div>
          <div>
            <div
              aria-checked="true"
              class="ui-checkbox bb ka kb kc ci ck b kd ke kf kg ch kh dm ih ii ij ik dn do dp dq dr ds dt ki kj kk kl dy dz ea eb ec ed ee ef eg km ei ej ek el em en eo kn ko kp kq et eu ev ew ex ey ez fb fc kr cy ks kt ku kv kw"
              data-aa-class="Checkbox"
              data-is-focusable="true"
              data-uses-unhanded-props="true"
              role="checkbox"
              tabindex="0"
            >
              <div
                class="ui-box kx ky kz la lb lc ld le lf lg cp cq cr cs gh lh li lj lk ll lm iy iz ja ln lo lp lq je lr jc jd ui-checkbox__indicator"
                data-uses-unhanded-props="true"
              />
              <span
                class="ui-text ba ls lt ui-checkbox__label"
                data-uses-unhanded-props="true"
              >
                <div
                  class="ui-flex am ao bq br"
                  data-uses-unhanded-props="true"
                >
                  <span
                    class="ui-text"
                    data-uses-unhanded-props="true"
                    dir="auto"
                  >
                    Text styles
                  </span>
                  <span
                    class="ui-text lu bw"
                    data-uses-unhanded-props="true"
                    dir="auto"
                  >
                    Text styles added, removed or updated on Styleguide
                  </span>
                </div>
              </span>
            </div>
          </div>
        </div>
        <div
          class="ui-flex am ao bq br jz"
          data-uses-unhanded-props="true"
        >
          <div>
            <div
              aria-checked="true"
              class="ui-checkbox bb ka kb kc ci ck b kd ke kf kg ch kh dm ih ii ij ik dn do dp dq dr ds dt ki kj kk kl dy dz ea eb ec ed ee ef eg km ei ej ek el em en eo kn ko kp kq et eu ev ew ex ey ez fb fc kr cy ks kt ku kv kw"
              data-aa-class="Checkbox"
              data-is-focusable="true"
              data-uses-unhanded-props="true"
              role="checkbox"
              tabindex="0"
            >
              <div
                class="ui-box kx ky kz la lb lc ld le lf lg cp cq cr cs gh lh li lj lk ll lm iy iz ja ln lo lp lq je lr jc jd ui-checkbox__indicator"
                data-uses-unhanded-props="true"
              />
              <span
                class="ui-text ba ls lt ui-checkbox__label"
                data-uses-unhanded-props="true"
              >
                <div
                  class="ui-flex am ao bq br"
                  data-uses-unhanded-props="true"
                >
                  <span
                    class="ui-text"
                    data-uses-unhanded-props="true"
                    dir="auto"
                  >
                    Spacing tokens
                  </span>
                  <span
                    class="ui-text lu bw"
                    data-uses-unhanded-props="true"
                    dir="auto"
                  >
                    Spacing tokens added, removed or updated on Styleguide
                  </span>
                </div>
              </span>
            </div>
          </div>
          <div>
            <div
              aria-checked="true"
              class="ui-checkbox bb ka kb kc ci ck b kd ke kf kg ch kh dm ih ii ij ik dn do dp dq dr ds dt ki kj kk kl dy dz ea eb ec ed ee ef eg km ei ej ek el em en eo kn ko kp kq et eu ev ew ex ey ez fb fc kr cy ks kt ku kv kw"
              data-aa-class="Checkbox"
              data-is-focusable="true"
              data-uses-unhanded-props="true"
              role="checkbox"
              tabindex="0"
            >
              <div
                class="ui-box kx ky kz la lb lc ld le lf lg cp cq cr cs gh lh li lj lk ll lm iy iz ja ln lo lp lq je lr jc jd ui-checkbox__indicator"
                data-uses-unhanded-props="true"
              />
              <span
                class="ui-text ba ls lt ui-checkbox__label"
                data-uses-unhanded-props="true"
              >
                <div
                  class="ui-flex am ao bq br"
                  data-uses-unhanded-props="true"
                >
                  <span
                    class="ui-text"
                    data-uses-unhanded-props="true"
                    dir="auto"
                  >
                    Notes
                  </span>
                  <span
                    class="ui-text lu bw"
                    data-uses-unhanded-props="true"
                    dir="auto"
                  >
                    Note added
                  </span>
                </div>
              </span>
            </div>
          </div>
          <div>
            <div
              aria-checked="true"
              class="ui-checkbox bb ka kb kc ci ck b kd ke kf kg ch kh dm ih ii ij ik dn do dp dq dr ds dt ki kj kk kl dy dz ea eb ec ed ee ef eg km ei ej ek el em en eo kn ko kp kq et eu ev ew ex ey ez fb fc kr cy ks kt ku kv kw"
              data-aa-class="Checkbox"
              data-is-focusable="true"
              data-uses-unhanded-props="true"
              role="checkbox"
              tabindex="0"
            >
              <div
                class="ui-box kx ky kz la lb lc ld le lf lg cp cq cr cs gh lh li lj lk ll lm iy iz ja ln lo lp lq je lr jc jd ui-checkbox__indicator"
                data-uses-unhanded-props="true"
              />
              <span
                class="ui-text ba ls lt ui-checkbox__label"
                data-uses-unhanded-props="true"
              >
                <div
                  class="ui-flex am ao bq br"
                  data-uses-unhanded-props="true"
                >
                  <span
                    class="ui-text"
                    data-uses-unhanded-props="true"
                    dir="auto"
                  >
                    Replies
                  </span>
                  <span
                    class="ui-text lu bw"
                    data-uses-unhanded-props="true"
                    dir="auto"
                  >
                    Replied to note
                  </span>
                </div>
              </span>
            </div>
          </div>
          <div>
            <div
              aria-checked="true"
              class="ui-checkbox bb ka kb kc ci ck b kd ke kf kg ch kh dm ih ii ij ik dn do dp dq dr ds dt ki kj kk kl dy dz ea eb ec ed ee ef eg km ei ej ek el em en eo kn ko kp kq et eu ev ew ex ey ez fb fc kr cy ks kt ku kv kw"
              data-aa-class="Checkbox"
              data-is-focusable="true"
              data-uses-unhanded-props="true"
              role="checkbox"
              tabindex="0"
            >
              <div
                class="ui-box kx ky kz la lb lc ld le lf lg cp cq cr cs gh lh li lj lk ll lm iy iz ja ln lo lp lq je lr jc jd ui-checkbox__indicator"
                data-uses-unhanded-props="true"
              />
              <span
                class="ui-text ba ls lt ui-checkbox__label"
                data-uses-unhanded-props="true"
              >
                <div
                  class="ui-flex am ao bq br"
                  data-uses-unhanded-props="true"
                >
                  <span
                    class="ui-text"
                    data-uses-unhanded-props="true"
                    dir="auto"
                  >
                    Members
                  </span>
                  <span
                    class="ui-text lu bw"
                    data-uses-unhanded-props="true"
                    dir="auto"
                  >
                    Members invited
                  </span>
                </div>
              </span>
            </div>
          </div>
        </div>
      </div>
    </div>
  </div>
</div>
`;

exports[`Home should initialize Microsoft Teams 1`] = `
<div
  class="ui-provider a b c d e f g h i j k l m n o p q r s t u v w x y z ab ac ae af ag ah ai aj ak"
  data-uses-unhanded-props="true"
  dir="ltr"
>
  <div
    class="ui-flex am ao bq br bs"
    data-uses-unhanded-props="true"
  >
    <div />
    <div
      class="ui-flex am ao bq br bt"
      data-uses-unhanded-props="true"
    >
      <span
        class="ui-text bu bv bw"
        data-uses-unhanded-props="true"
        dir="auto"
      >
        One more step before finishing connection
      </span>
      <span
        class="ui-text"
        data-uses-unhanded-props="true"
        dir="auto"
      >
        Once proceeding, we will ask you to authorize Microsoft Teams access through a separate window. Once it’s authorized, you can do more advanced settings on the Teams channel linked with Zeplin.
      </span>
    </div>
    <div>
      <button
        class="ui-button bx by bz b ca cb cc an al bb cd ce cf cg ch ci cj ck cl cm cn co cp cq cr cs ct cu cv cw cx cy cz da db dc dd de df dg dh di dj dk dl dm dn do dp dq dr ds dt du dv dw dx dy dz ea eb ec ed ee ef eg eh ei ej ek el em en eo ep eq er es et eu ev ew ex ey ez fb fc fd fe ff fg fh fi fj fk fl"
        data-aa-class="Button"
        data-uses-unhanded-props="true"
      >
        <span
          class="ui-button__content ar fm fn fo bu fp"
          data-uses-unhanded-props="true"
          dir="auto"
        >
          Log in Zeplin
        </span>
      </button>
    </div>
  </div>
</div>
`;

exports[`Home should render initially 1`] = `
<div
  class="ui-provider a b c d e f g h i j k l m n o p q r s t u v w x y z ab ac ae af ag ah ai aj ak"
  data-uses-unhanded-props="true"
  dir="ltr"
>
  <div
    class="ui-loader al am an ao"
    data-aa-class="Loader"
    data-uses-unhanded-props="true"
    id="loader-home"
    role="progressbar"
  >
    <div
      class="ui-box ap aq ar ui-loader__indicator"
      data-uses-unhanded-props="true"
    >
      <div
        class="ui-box as at au av aw ax ay az ba ar bb bc bd be bf bg bh bi bj bk bl bm bn bo bp ui-loader__svg"
        data-uses-unhanded-props="true"
      />
    </div>
  </div>
</div>
`;
