// Jest Snapshot v1, https://goo.gl/fbAQLP

exports[`HomeContainer should change ui when login flow completed 1`] = `
<div
  class="ui-provider a b c d e f g h i j k l m n o p q r s t u v w x y z ab ac ae af ag ah ai aj ak"
  data-uses-unhanded-props="true"
  dir="ltr"
>
  <div
    class="ui-flex am ao br bs bt"
    data-uses-unhanded-props="true"
  >
    <div />
    <div
      class="ui-flex am ao br bs ff"
      data-uses-unhanded-props="true"
    >
      <span
        class="ui-text bv"
        data-uses-unhanded-props="true"
      >
        You are connecting 
        <span
          class="ui-text fg"
          data-uses-unhanded-props="true"
        >
          #
          channel
        </span>
         to Zeplin.
      </span>
      <span
        class="ui-text"
        data-uses-unhanded-props="true"
      >
        Can't find the project/styleguide to connect to? 
        <a
          class="ui-text fh fi fj"
          data-uses-unhanded-props="true"
          dir="auto"
          href="https://zpl.io/msteams-app-docs"
          target="_blank"
        >
          Learn more about permissions.
        </a>
      </span>
      <div
        class="ui-flex am br bs fk"
        data-uses-unhanded-props="true"
      >
        <div
          class="ui-flex__item fl fm fn"
        >
          <div
            class="ui-dropdown"
          >
            <div
              class="ui-dropdown__container am fo bc cr cs ct cu cv cw cx cy cm br fp fq fr fs ft fu fv fw fx fy fz ga gb gc"
            >
              <div
                class="ui-dropdown__selected-items am fo gd ge br gf"
              >
                <button
                  aria-haspopup="true"
                  aria-labelledby="dropdown-trigger-button-1"
                  class="ui-button by bz gg b gh cd ce gi al bc cf gj ch gk cj ck cl cm cn co cp cq cr cs ct cu cv cw cx cy gl gm gn fx fy fz ga dc go gp gq gr gs gt de gu gv df gw gx gy gz ha hb hc hd he hf hg hh hi hj hk hl hm hn ho hp hq hr hs ht hu hv dg dh di dj dk dl dm dn do dp dq dr ds dt du dv hw hx hy hz ea ia ec ed ee ef eg eh ei ej ek el em en eo ep eq ib ic id ie ev if ex ey ez ig ih ii ij ik il im in io ip br as iq ir is it ui-dropdown__trigger-button"
                  data-aa-class="Button"
                  data-toggle="true"
                  data-uses-unhanded-props="true"
                  id="dropdown-trigger-button-1"
                  role="button"
                  type="button"
                >
                  <span
                    class="ui-button__content as fb fc fd bv fe"
                    data-uses-unhanded-props="true"
                    dir="auto"
                  >
                    Select Workspace
                  </span>
                </button>
              </div>
              <div
                aria-hidden="true"
                class="ui-box al am an iu iv iw ck ix iq ir is it iy iz bs ja ui-dropdown__toggle-indicator"
                data-aa-class="Box"
                data-uses-unhanded-props="true"
                role="img"
              />
              <ul
                aria-hidden="true"
                aria-labelledby="downshift-0-label"
                class="ui-list bb jb cf jc ch jd iq ir is it cm cr cs ct cu fp fq fr fs cv cw cx cy je jf gd br a jg ui-dropdown__items-list"
                data-aa-class="List"
                data-uses-unhanded-props="true"
                id="downshift-0-menu"
                role="listbox"
                tabindex="-1"
              />
            </div>
          </div>
        </div>
        <div
          class="ui-flex__item fl fm fn"
        >
          <div
            class="ui-dropdown"
          >
            <div
              class="ui-dropdown__container am fo bc cr cs ct cu jh ji jj jk cm br fp fq fr fs ft jl fv fw jm gc ix jn"
            >
              <div
                class="ui-dropdown__selected-items am fo gd ge br gf"
              >
                <button
                  aria-disabled="true"
                  aria-haspopup="true"
                  aria-labelledby="dropdown-trigger-button-2"
                  class="ui-button by bz gg jo gh cd ce gi al bc cf gj ch gk cj jp cl cm cn co cp cq cr cs ct cu cv cw cx cy gl gm gn fx fy fz ga dc go gp gq gr gs gt de gu gv df gw gx gy gz ha hb hc hd he hf hg hh hi hj hk hl hm hn ho hp hq hr hs ht hu hv dg dh di dj dk dl dm dn do dp dq dr ds dt du dv hw hx hy hz ea ia ec ed ee ef eg eh ei ej ek el em en eo ep eq ib ic id ie ev if ex ey ez ig ih ii ij ik il im in io ip jq br as iq ir is it ui-dropdown__trigger-button"
                  data-aa-class="Button"
                  data-toggle="true"
                  data-uses-unhanded-props="true"
                  disabled=""
                  id="dropdown-trigger-button-2"
                  role="button"
                  type="button"
                >
                  <span
                    class="ui-button__content as fb fc fd bv fe"
                    data-uses-unhanded-props="true"
                    dir="auto"
                  >
                    Select Project/Styleguide
                  </span>
                </button>
              </div>
              <div
                aria-hidden="true"
                class="ui-box al am an jr iv iw jp ix iq ir is it iy iz bs ja ui-dropdown__toggle-indicator"
                data-aa-class="Box"
                data-uses-unhanded-props="true"
                role="img"
              />
              <ul
                aria-hidden="true"
                aria-labelledby="downshift-1-label"
                class="ui-list bb jb cf jc ch jd iq ir is it cm cr cs ct cu fp fq fr fs cv cw cx cy je jf gd br a jg ui-dropdown__items-list"
                data-aa-class="List"
                data-uses-unhanded-props="true"
                id="downshift-1-menu"
                role="listbox"
                tabindex="-1"
              />
            </div>
          </div>
        </div>
      </div>
    </div>
    <div
      class="ui-flex am ao br bs bu"
      data-uses-unhanded-props="true"
    >
      <span
        class="ui-text bv"
        data-uses-unhanded-props="true"
        dir="auto"
      >
        Select the events you want to get a message for:
      </span>
      <div>
        <div
          class="ui-flex am br bs fk"
          data-uses-unhanded-props="true"
        >
          <div
            class="ui-flex am ao br bs bu"
            data-uses-unhanded-props="true"
          >
            <div>
              <div
                aria-checked="true"
                class="ui-checkbox bc js jt ju ck cm b jv jw jx jy cj jz df dg dh di dj dk dl dm dn do dp dq ka kb kc kd dv dw dx dy dz ea eb ec ed ke ef eg eh ei ej ek el kf kg kh ki eq er es et eu ev ew ex ey kj kk kl km kn ko kp"
                data-aa-class="Checkbox"
                data-is-focusable="true"
                data-uses-unhanded-props="true"
                role="checkbox"
                tabindex="0"
              >
                <div
                  class="ui-box kq kr ks kt ku kv kw kx ky kz cr cs ct cu fv la lb lc ld le lf ir is it lg lh li lj ix lk iv iw ui-checkbox__indicator"
                  data-uses-unhanded-props="true"
                />
                <span
                  class="ui-text bb ll lm ui-checkbox__label"
                  data-uses-unhanded-props="true"
                >
                  <div
                    class="ui-flex am ao br bs"
                    data-uses-unhanded-props="true"
                  >
                    <span
                      class="ui-text"
                      data-uses-unhanded-props="true"
                      dir="auto"
                    >
                      Screens
                    </span>
                    <span
                      class="ui-text ln bx"
                      data-uses-unhanded-props="true"
                      dir="auto"
                    >
                      Screens added
                    </span>
                  </div>
                </span>
              </div>
            </div>
            <div>
              <div
                aria-checked="true"
                class="ui-checkbox bc js jt ju ck cm b jv jw jx jy cj jz df dg dh di dj dk dl dm dn do dp dq ka kb kc kd dv dw dx dy dz ea eb ec ed ke ef eg eh ei ej ek el kf kg kh ki eq er es et eu ev ew ex ey kj kk kl km kn ko kp"
                data-aa-class="Checkbox"
                data-is-focusable="true"
                data-uses-unhanded-props="true"
                role="checkbox"
                tabindex="0"
              >
                <div
                  class="ui-box kq kr ks kt ku kv kw kx ky kz cr cs ct cu fv la lb lc ld le lf ir is it lg lh li lj ix lk iv iw ui-checkbox__indicator"
                  data-uses-unhanded-props="true"
                />
                <span
                  class="ui-text bb ll lm ui-checkbox__label"
                  data-uses-unhanded-props="true"
                >
                  <div
                    class="ui-flex am ao br bs"
                    data-uses-unhanded-props="true"
                  >
                    <span
                      class="ui-text"
                      data-uses-unhanded-props="true"
                      dir="auto"
                    >
                      Screen versions
                    </span>
                    <span
                      class="ui-text ln bx"
                      data-uses-unhanded-props="true"
                      dir="auto"
                    >
                      Versions added to screen
                    </span>
                  </div>
                </span>
              </div>
            </div>
            <div>
              <div
                aria-checked="true"
                class="ui-checkbox bc js jt ju ck cm b jv jw jx jy cj jz df dg dh di dj dk dl dm dn do dp dq ka kb kc kd dv dw dx dy dz ea eb ec ed ke ef eg eh ei ej ek el kf kg kh ki eq er es et eu ev ew ex ey kj kk kl km kn ko kp"
                data-aa-class="Checkbox"
                data-is-focusable="true"
                data-uses-unhanded-props="true"
                role="checkbox"
                tabindex="0"
              >
                <div
                  class="ui-box kq kr ks kt ku kv kw kx ky kz cr cs ct cu fv la lb lc ld le lf ir is it lg lh li lj ix lk iv iw ui-checkbox__indicator"
                  data-uses-unhanded-props="true"
                />
                <span
                  class="ui-text bb ll lm ui-checkbox__label"
                  data-uses-unhanded-props="true"
                >
                  <div
                    class="ui-flex am ao br bs"
                    data-uses-unhanded-props="true"
                  >
                    <span
                      class="ui-text"
                      data-uses-unhanded-props="true"
                      dir="auto"
                    >
                      Components
                    </span>
                    <span
                      class="ui-text ln bx"
                      data-uses-unhanded-props="true"
                      dir="auto"
                    >
                      Components added, removed or updated on Styleguide
                    </span>
                  </div>
                </span>
              </div>
            </div>
            <div>
              <div
                aria-checked="true"
                class="ui-checkbox bc js jt ju ck cm b jv jw jx jy cj jz df dg dh di dj dk dl dm dn do dp dq ka kb kc kd dv dw dx dy dz ea eb ec ed ke ef eg eh ei ej ek el kf kg kh ki eq er es et eu ev ew ex ey kj kk kl km kn ko kp"
                data-aa-class="Checkbox"
                data-is-focusable="true"
                data-uses-unhanded-props="true"
                role="checkbox"
                tabindex="0"
              >
                <div
                  class="ui-box kq kr ks kt ku kv kw kx ky kz cr cs ct cu fv la lb lc ld le lf ir is it lg lh li lj ix lk iv iw ui-checkbox__indicator"
                  data-uses-unhanded-props="true"
                />
                <span
                  class="ui-text bb ll lm ui-checkbox__label"
                  data-uses-unhanded-props="true"
                >
                  <div
                    class="ui-flex am ao br bs"
                    data-uses-unhanded-props="true"
                  >
                    <span
                      class="ui-text"
                      data-uses-unhanded-props="true"
                      dir="auto"
                    >
                      Colors
                    </span>
                    <span
                      class="ui-text ln bx"
                      data-uses-unhanded-props="true"
                      dir="auto"
                    >
                      Colors added, removed or updated on Styleguide
                    </span>
                  </div>
                </span>
              </div>
            </div>
            <div>
              <div
                aria-checked="true"
                class="ui-checkbox bc js jt ju ck cm b jv jw jx jy cj jz df dg dh di dj dk dl dm dn do dp dq ka kb kc kd dv dw dx dy dz ea eb ec ed ke ef eg eh ei ej ek el kf kg kh ki eq er es et eu ev ew ex ey kj kk kl km kn ko kp"
                data-aa-class="Checkbox"
                data-is-focusable="true"
                data-uses-unhanded-props="true"
                role="checkbox"
                tabindex="0"
              >
                <div
                  class="ui-box kq kr ks kt ku kv kw kx ky kz cr cs ct cu fv la lb lc ld le lf ir is it lg lh li lj ix lk iv iw ui-checkbox__indicator"
                  data-uses-unhanded-props="true"
                />
                <span
                  class="ui-text bb ll lm ui-checkbox__label"
                  data-uses-unhanded-props="true"
                >
                  <div
                    class="ui-flex am ao br bs"
                    data-uses-unhanded-props="true"
                  >
                    <span
                      class="ui-text"
                      data-uses-unhanded-props="true"
                      dir="auto"
                    >
                      Text styles
                    </span>
                    <span
                      class="ui-text ln bx"
                      data-uses-unhanded-props="true"
                      dir="auto"
                    >
                      Text styles added, removed or updated on Styleguide
                    </span>
                  </div>
                </span>
              </div>
            </div>
          </div>
          <div
            class="ui-flex am ao br bs bu"
            data-uses-unhanded-props="true"
          >
            <div>
              <div
                aria-checked="true"
                class="ui-checkbox bc js jt ju ck cm b jv jw jx jy cj jz df dg dh di dj dk dl dm dn do dp dq ka kb kc kd dv dw dx dy dz ea eb ec ed ke ef eg eh ei ej ek el kf kg kh ki eq er es et eu ev ew ex ey kj kk kl km kn ko kp"
                data-aa-class="Checkbox"
                data-is-focusable="true"
                data-uses-unhanded-props="true"
                role="checkbox"
                tabindex="0"
              >
                <div
                  class="ui-box kq kr ks kt ku kv kw kx ky kz cr cs ct cu fv la lb lc ld le lf ir is it lg lh li lj ix lk iv iw ui-checkbox__indicator"
                  data-uses-unhanded-props="true"
                />
                <span
                  class="ui-text bb ll lm ui-checkbox__label"
                  data-uses-unhanded-props="true"
                >
                  <div
                    class="ui-flex am ao br bs"
                    data-uses-unhanded-props="true"
                  >
                    <span
                      class="ui-text"
                      data-uses-unhanded-props="true"
                      dir="auto"
                    >
                      Spacing tokens
                    </span>
                    <span
                      class="ui-text ln bx"
                      data-uses-unhanded-props="true"
                      dir="auto"
                    >
                      Spacing tokens added, removed or updated on Styleguide
                    </span>
                  </div>
                </span>
              </div>
            </div>
            <div>
              <div
                aria-checked="true"
                class="ui-checkbox bc js jt ju ck cm b jv jw jx jy cj jz df dg dh di dj dk dl dm dn do dp dq ka kb kc kd dv dw dx dy dz ea eb ec ed ke ef eg eh ei ej ek el kf kg kh ki eq er es et eu ev ew ex ey kj kk kl km kn ko kp"
                data-aa-class="Checkbox"
                data-is-focusable="true"
                data-uses-unhanded-props="true"
                role="checkbox"
                tabindex="0"
              >
                <div
                  class="ui-box kq kr ks kt ku kv kw kx ky kz cr cs ct cu fv la lb lc ld le lf ir is it lg lh li lj ix lk iv iw ui-checkbox__indicator"
                  data-uses-unhanded-props="true"
                />
                <span
                  class="ui-text bb ll lm ui-checkbox__label"
                  data-uses-unhanded-props="true"
                >
                  <div
                    class="ui-flex am ao br bs"
                    data-uses-unhanded-props="true"
                  >
                    <span
                      class="ui-text"
                      data-uses-unhanded-props="true"
                      dir="auto"
                    >
                      Notes
                    </span>
                    <span
                      class="ui-text ln bx"
                      data-uses-unhanded-props="true"
                      dir="auto"
                    >
                      Note added
                    </span>
                  </div>
                </span>
              </div>
            </div>
            <div>
              <div
                aria-checked="true"
                class="ui-checkbox bc js jt ju ck cm b jv jw jx jy cj jz df dg dh di dj dk dl dm dn do dp dq ka kb kc kd dv dw dx dy dz ea eb ec ed ke ef eg eh ei ej ek el kf kg kh ki eq er es et eu ev ew ex ey kj kk kl km kn ko kp"
                data-aa-class="Checkbox"
                data-is-focusable="true"
                data-uses-unhanded-props="true"
                role="checkbox"
                tabindex="0"
              >
                <div
                  class="ui-box kq kr ks kt ku kv kw kx ky kz cr cs ct cu fv la lb lc ld le lf ir is it lg lh li lj ix lk iv iw ui-checkbox__indicator"
                  data-uses-unhanded-props="true"
                />
                <span
                  class="ui-text bb ll lm ui-checkbox__label"
                  data-uses-unhanded-props="true"
                >
                  <div
                    class="ui-flex am ao br bs"
                    data-uses-unhanded-props="true"
                  >
                    <span
                      class="ui-text"
                      data-uses-unhanded-props="true"
                      dir="auto"
                    >
                      Replies
                    </span>
                    <span
                      class="ui-text ln bx"
                      data-uses-unhanded-props="true"
                      dir="auto"
                    >
                      Replied to note
                    </span>
                  </div>
                </span>
              </div>
            </div>
            <div>
              <div
                aria-checked="true"
                class="ui-checkbox bc js jt ju ck cm b jv jw jx jy cj jz df dg dh di dj dk dl dm dn do dp dq ka kb kc kd dv dw dx dy dz ea eb ec ed ke ef eg eh ei ej ek el kf kg kh ki eq er es et eu ev ew ex ey kj kk kl km kn ko kp"
                data-aa-class="Checkbox"
                data-is-focusable="true"
                data-uses-unhanded-props="true"
                role="checkbox"
                tabindex="0"
              >
                <div
                  class="ui-box kq kr ks kt ku kv kw kx ky kz cr cs ct cu fv la lb lc ld le lf ir is it lg lh li lj ix lk iv iw ui-checkbox__indicator"
                  data-uses-unhanded-props="true"
                />
                <span
                  class="ui-text bb ll lm ui-checkbox__label"
                  data-uses-unhanded-props="true"
                >
                  <div
                    class="ui-flex am ao br bs"
                    data-uses-unhanded-props="true"
                  >
                    <span
                      class="ui-text"
                      data-uses-unhanded-props="true"
                      dir="auto"
                    >
                      Members
                    </span>
                    <span
                      class="ui-text ln bx"
                      data-uses-unhanded-props="true"
                      dir="auto"
                    >
                      Members invited
                    </span>
                  </div>
                </span>
              </div>
            </div>
          </div>
        </div>
      </div>
    </div>
  </div>
</div>
`;

exports[`HomeContainer should initialize Microsoft Teams 1`] = `
<div
  class="ui-provider a b c d e f g h i j k l m n o p q r s t u v w x y z ab ac ae af ag ah ai aj ak"
  data-uses-unhanded-props="true"
  dir="ltr"
>
  <div
    class="ui-flex am ao br bs bt"
    data-uses-unhanded-props="true"
  >
    <div />
    <div
      class="ui-flex am ao br bs bu"
      data-uses-unhanded-props="true"
    >
      <span
        class="ui-text bv bw bx"
        data-uses-unhanded-props="true"
        dir="auto"
      >
        One more step before finishing connection
      </span>
      <span
        class="ui-text"
        data-uses-unhanded-props="true"
        dir="auto"
      >
        Once proceeding, we will ask you to authorize Microsoft Teams access through a separate window. Once it’s authorized, you can do more advanced settings on the Teams channel linked with Zeplin.
      </span>
    </div>
    <div>
      <button
        class="ui-button by bz ca cb cc cd ce an al bc cf cg ch ci cj ck cl cm cn co cp cq cr cs ct cu cv cw cx cy cz da db dc dd de df dg dh di dj dk dl dm dn do dp dq dr ds dt du dv dw dx dy dz ea eb ec ed ee ef eg eh ei ej ek el em en eo ep eq er es et eu ev ew ex ey ez"
        data-aa-class="Button"
        data-uses-unhanded-props="true"
      >
        <span
          class="ui-button__content as fb fc fd bv fe"
          data-uses-unhanded-props="true"
          dir="auto"
        >
          Log in Zeplin
        </span>
      </button>
    </div>
  </div>
</div>
`;

exports[`HomeContainer should render initially 1`] = `
<div
  class="ui-provider a b c d e f g h i j k l m n o p q r s t u v w x y z ab ac ae af ag ah ai aj ak"
  data-uses-unhanded-props="true"
  dir="ltr"
>
  <div
    class="ui-loader al am an ao ap"
    data-aa-class="Loader"
    data-uses-unhanded-props="true"
    role="progressbar"
  >
    <div
      class="ui-box aq ar as ui-loader__indicator"
      data-uses-unhanded-props="true"
    >
      <div
        class="ui-box at au av aw ax ay az ba bb as bc bd be bf bg bh bi bj bk bl bm bn bo bp bq ui-loader__svg"
        data-uses-unhanded-props="true"
      />
    </div>
  </div>
</div>
`;
